// Jest Snapshot v1, https://goo.gl/fbAQLP

exports[`Era Renders children 1`] = `"<span>1</span>"`;
